python : C:\Users\razer\AppData\
Local\Programs\Python\python39\l
ib\site-packages\google\api_core
\_python_version_support.py:246:
 FutureWarning: You are using a 
non-supported Python version 
(3.9.13). Google will not post 
any further updates to 
google.api_core supporting this 
Python version. Please upgrade 
to the latest Python version, 
or at least Python 3.10, and 
then update google.api_core.
At line:1 char:1
+ python 
backend/verify_invoices.py > 
test_output.txt 2>&1
+ ~~~~~~~~~~~~~~~~~~~~~~~~~~~~~~
~~~~~~~~~~~~~~~~~~~~~~~~~~
    + CategoryInfo          : N 
   otSpecified: (C:\Users\raze  
  r\...oogle.api_core.:String   
 ) [], RemoteException
    + FullyQualifiedErrorId : N 
   ativeCommandError
 
  warnings.warn(message, 
FutureWarning)
[Firebase] Initializing from file: C:\Users\razer\OneDrive\Desktop\ERP\backend\service_account.json
[Firebase] Initialized successfully!
Initializing Firebase...

--- Test 1: Create Draft Invoice ---
Created Invoice ID: MsnEYtU72TcDkbqyw6nw
Traceback (most recent call 
last):
  File "C:\Users\razer\OneDrive\
Desktop\ERP\backend\verify_invoi
ces.py", line 80, in <module>
    verify_invoices()
  File "C:\Users\razer\OneDrive\
Desktop\ERP\backend\verify_invoi
ces.py", line 39, in 
verify_invoices
    print("\u2705 Draft Created 
Successfully")
  File "C:\Users\razer\AppData\L
ocal\Programs\Python\python39\li
b\encodings\cp1252.py", line 
19, in encode
    return codecs.charmap_encode
(input,self.errors,encoding_tabl
e)[0]
UnicodeEncodeError: 'charmap' 
codec can't encode character 
'\u2705' in position 0: 
character maps to <undefined>
